                                            The SAS System       20:11 Tuesday, September 27, 2022  17

            Obs     TYPE     ID_NUM    SBP1U    DBP1U    ZERO1    SBP2U    DBP2U    ZERO2

              1    FIRST     110010     154       96       12      148       86       10
              2    FIRST     110098     150      120       18      150      110       20
              3    FIRST     110020     148      104       14      122       90        2
              4    FIRST     110031     152      104       12        .        .        .
              5    FIRST     110032     132       90        8      140       92        4
              6    FIRST     110037       .        .        .      140       96       14
              7    FIRST     110068     164      112       20      150      100        6
              8    FIRST     110075     150       94       12      148       98       12
              9    FIRST     110090     138       88        8      122       86       10
             10    FIRST     110120     150       94        6      160      108       18
             11    FIRST     110121     146      114       22      134       90       10
             12    FIRST     110126     140       98       12      140       94       10
             13    SECOND    110020     158      104       16      150      106       10
             14    SECOND    110031     160      110       22      156      110       20
             15    SECOND    110090     162       98       16      158       94        8
             16    SECOND    110032     132      100       10      130      102        3
             17    SECOND    110037     138       94       12      142       88        8
             18    SECOND    110068     164      100        2      160      100        8
             19    SECOND    110075     144       90       10      138       78        2
             20    SECOND    110098     146       90       12      152       94       14
             21    SECOND    110120     178      110       18      166      106        8
             22    SECOND    110121     140      114       12      148      102        4
             23    SECOND    110126     150      110       14      140      104       10
                                            The SAS System       20:11 Tuesday, September 27, 2022  18

             Obs    TYPE     ID_NUM    SBP1U    DBP1U    ZERO1    SBP2U    DBP2U    ZERO2

               1    FIRST    110010     154       96       12      148       86       10
               2    FIRST    110098     150      120       18      150      110       20
               3    FIRST    110020     148      104       14      122       90        2
               4    FIRST    110031     152      104       12        .        .        .
               5    FIRST    110032     132       90        8      140       92        4
               6    FIRST    110037       .        .        .      140       96       14
               7    FIRST    110068     164      112       20      150      100        6
               8    FIRST    110075     150       94       12      148       98       12
               9    FIRST    110090     138       88        8      122       86       10
              10    FIRST    110120     150       94        6      160      108       18
              11    FIRST    110121     146      114       22      134       90       10
              12    FIRST    110126     140       98       12      140       94       10
                                            The SAS System       20:11 Tuesday, September 27, 2022  19

            Obs     TYPE     ID_NUM    SBP1U    DBP1U    ZERO1    SBP2U    DBP2U    ZERO2

              1    SECOND    110020     158      104       16      150      106       10
              2    SECOND    110031     160      110       22      156      110       20
              3    SECOND    110090     162       98       16      158       94        8
              4    SECOND    110032     132      100       10      130      102        3
              5    SECOND    110037     138       94       12      142       88        8
              6    SECOND    110068     164      100        2      160      100        8
              7    SECOND    110075     144       90       10      138       78        2
              8    SECOND    110098     146       90       12      152       94       14
              9    SECOND    110120     178      110       18      166      106        8
             10    SECOND    110121     140      114       12      148      102        4
             11    SECOND    110126     150      110       14      140      104       10
                                            The SAS System       20:11 Tuesday, September 27, 2022  20

            Obs     TYPE     ID_NUM    SBP1U    DBP1U    ZERO1    SBP2U    DBP2U    ZERO2

              1    FIRST     110010     154       96       12      148       86       10
              2    FIRST     110098     150      120       18      150      110       20
              3    FIRST     110020     148      104       14      122       90        2
              4    FIRST     110031     152      104       12        .        .        .
              5    FIRST     110032     132       90        8      140       92        4
              6    FIRST     110037       .        .        .      140       96       14
              7    FIRST     110068     164      112       20      150      100        6
              8    FIRST     110075     150       94       12      148       98       12
              9    FIRST     110090     138       88        8      122       86       10
             10    FIRST     110120     150       94        6      160      108       18
             11    FIRST     110121     146      114       22      134       90       10
             12    FIRST     110126     140       98       12      140       94       10
             13    SECOND    110020     158      104       16      150      106       10
             14    SECOND    110031     160      110       22      156      110       20
             15    SECOND    110090     162       98       16      158       94        8
             16    SECOND    110032     132      100       10      130      102        3
             17    SECOND    110037     138       94       12      142       88        8
             18    SECOND    110068     164      100        2      160      100        8
             19    SECOND    110075     144       90       10      138       78        2
             20    SECOND    110098     146       90       12      152       94       14
             21    SECOND    110120     178      110       18      166      106        8
             22    SECOND    110121     140      114       12      148      102        4
             23    SECOND    110126     150      110       14      140      104       10
                                            The SAS System       20:11 Tuesday, September 27, 2022  21

       Obs     TYPE     ID_NUM    HEIGHT1    HEIGHT2    WEIGHT1    WEIGHT2    WAIST1    WAIST2

         1    FIRST     110020     174.6      174.6       80.5       80.6         .         .
         2    FIRST     110031     171.2      171.3       82.4       82.4         .         .
         3    FIRST     110032     152.2      152.1       75.7       75.7         .         .
         4    FIRST     110037     178.7      178.7       82.2       82.2         .         .
         5    FIRST     110068     155.6      155.7       65.1       65.0         .         .
         6    FIRST     110075     162.5      162.5       55.6       55.7         .         .
         7    FIRST     110098     183.5      183.5       70.5       70.5         .         .
         8    FIRST     110120     177.0      176.9       64.7       64.6         .         .
         9    FIRST     110121     171.5      171.4       86.3       86.3         .         .
        10    FIRST     110126     168.6      168.6       84.6       84.5         .         .
        11    FIRST     110090     153.0      153.2       64.0       64.0         .         .
        12    SECOND    110121        .          .        85.9       85.9      104.0     104.0
        13    SECOND    110010        .          .        78.5       78.5       90.6      90.5
        14    SECOND    110020        .          .        81.3       81.3       94.6      94.6
        15    SECOND    110031        .          .        81.7       81.8       98.0      98.3
        16    SECOND    110032        .          .        75.0       75.0       94.4      94.3
        17    SECOND    110037        .          .        83.2       83.2       89.5      89.0
        18    SECOND    110068        .          .        64.7       64.7       88.8      88.7
        19    SECOND    110075        .          .        55.4       55.4       70.0      70.0
        20    SECOND    110090        .          .        64.1       64.0       84.5      84.4
        21    SECOND    110098        .          .        71.5       71.5       73.3      73.3
        22    SECOND    110120        .          .        65.0       65.0       77.0      77.0
        23    SECOND    110126        .          .        84.0       83.9       98.0      98.0
                                            The SAS System       20:11 Tuesday, September 27, 2022  22

        Obs    TYPE     ID_NUM    HEIGHT1    HEIGHT2    WEIGHT1    WEIGHT2    WAIST1    WAIST2

          1    FIRST    110020     174.6      174.6       80.5       80.6        .         .
          2    FIRST    110031     171.2      171.3       82.4       82.4        .         .
          3    FIRST    110032     152.2      152.1       75.7       75.7        .         .
          4    FIRST    110037     178.7      178.7       82.2       82.2        .         .
          5    FIRST    110068     155.6      155.7       65.1       65.0        .         .
          6    FIRST    110075     162.5      162.5       55.6       55.7        .         .
          7    FIRST    110098     183.5      183.5       70.5       70.5        .         .
          8    FIRST    110120     177.0      176.9       64.7       64.6        .         .
          9    FIRST    110121     171.5      171.4       86.3       86.3        .         .
         10    FIRST    110126     168.6      168.6       84.6       84.5        .         .
         11    FIRST    110090     153.0      153.2       64.0       64.0        .         .
                                            The SAS System       20:11 Tuesday, September 27, 2022  23

       Obs     TYPE     ID_NUM    HEIGHT1    HEIGHT2    WEIGHT1    WEIGHT2    WAIST1    WAIST2

         1    SECOND    110121       .          .         85.9       85.9      104.0     104.0
         2    SECOND    110010       .          .         78.5       78.5       90.6      90.5
         3    SECOND    110020       .          .         81.3       81.3       94.6      94.6
         4    SECOND    110031       .          .         81.7       81.8       98.0      98.3
         5    SECOND    110032       .          .         75.0       75.0       94.4      94.3
         6    SECOND    110037       .          .         83.2       83.2       89.5      89.0
         7    SECOND    110068       .          .         64.7       64.7       88.8      88.7
         8    SECOND    110075       .          .         55.4       55.4       70.0      70.0
         9    SECOND    110090       .          .         64.1       64.0       84.5      84.4
        10    SECOND    110098       .          .         71.5       71.5       73.3      73.3
        11    SECOND    110120       .          .         65.0       65.0       77.0      77.0
        12    SECOND    110126       .          .         84.0       83.9       98.0      98.0
                                            The SAS System       20:11 Tuesday, September 27, 2022  24

       Obs     TYPE     ID_NUM    HEIGHT1    HEIGHT2    WEIGHT1    WEIGHT2    WAIST1    WAIST2

         1    SECOND    110121        .          .        85.9       85.9      104.0     104.0
         2    SECOND    110010        .          .        78.5       78.5       90.6      90.5
         3    SECOND    110020        .          .        81.3       81.3       94.6      94.6
         4    SECOND    110031        .          .        81.7       81.8       98.0      98.3
         5    SECOND    110032        .          .        75.0       75.0       94.4      94.3
         6    SECOND    110037        .          .        83.2       83.2       89.5      89.0
         7    SECOND    110068        .          .        64.7       64.7       88.8      88.7
         8    SECOND    110075        .          .        55.4       55.4       70.0      70.0
         9    SECOND    110090        .          .        64.1       64.0       84.5      84.4
        10    SECOND    110098        .          .        71.5       71.5       73.3      73.3
        11    SECOND    110120        .          .        65.0       65.0       77.0      77.0
        12    SECOND    110126        .          .        84.0       83.9       98.0      98.0
        13    FIRST     110020     174.6      174.6       80.5       80.6         .         .
        14    FIRST     110031     171.2      171.3       82.4       82.4         .         .
        15    FIRST     110032     152.2      152.1       75.7       75.7         .         .
        16    FIRST     110037     178.7      178.7       82.2       82.2         .         .
        17    FIRST     110068     155.6      155.7       65.1       65.0         .         .
        18    FIRST     110075     162.5      162.5       55.6       55.7         .         .
        19    FIRST     110098     183.5      183.5       70.5       70.5         .         .
        20    FIRST     110120     177.0      176.9       64.7       64.6         .         .
        21    FIRST     110121     171.5      171.4       86.3       86.3         .         .
        22    FIRST     110126     168.6      168.6       84.6       84.5         .         .
        23    FIRST     110090     153.0      153.2       64.0       64.0         .         .
                                            The SAS System       20:11 Tuesday, September 27, 2022  25

Obs           DOB    ID_NUM      NAME      Sex    Race    MARITAL    OWNHOME    EDUCATION    EMPLOYED

  1    02/23/1943    110126    LLLLLLLL     1       1        4          2           5            1
  2    03/20/1954    110010    AAAAAAAA     1       3        3          1           7            4
  3    08/01/1948    110020    BBBBBBBB     1       1        3          1           7            1
  4    12/11/1952    110031    CCCCCCCC     1       1        3          1           5            1
  5    08/01/1944    110032    DDDDDDDD     2       2        3          1           7            1
  6    09/26/1968    110037    EEEEEEEE     1       1        3          1           5            1
  7    10/09/1953    110068    FFFFFFFF     2       1        2          1           7            1
  8    08/12/1942    110075    GGGGGGGG     2       1        3          1           7            4
  9    08/07/1959    110090    HHHHHHHH     2       2        5          2           2            4
 10    02/16/1970    110098    IIIIIIII     1       1        6          2           3            1
 11    11/22/1955    110120    JJJJJJJJ     1       2        2          2           3            2
 12    07/10/1946    110121    KKKKKKKK     1       1        3          1           3            1
                                            The SAS System       20:11 Tuesday, September 27, 2022  26

                   Obs    ID_NUM    MASH    MASHO    TAKO    TAKEN    ZANOT    ZANE

                     1    110010     154      96      12      148       86      10
                     2    110098     150     120      18      150      110      20
                     3    110020     148     104      14      122       90       2
                     4    110031     152     104      12        .        .       .
                     5    110032     132      90       8      140       92       4
                     6    110037       .       .       .      140       96      14
                     7    110068     164     112      20      150      100       6
                     8    110075     150      94      12      148       98      12
                     9    110090     138      88       8      122       86      10
                    10    110120     150      94       6      160      108      18
                    11    110121     146     114      22      134       90      10
                    12    110126     140      98      12      140       94      10
                                            The SAS System       20:11 Tuesday, September 27, 2022  27

                   Obs    ID_NUM    KOLA    TUNDE    SOLA    BOLA    KUNLE    TOLU

                     1    110020     158     104      16      150     106      10
                     2    110031     160     110      22      156     110      20
                     3    110090     162      98      16      158      94       8
                     4    110032     132     100      10      130     102       3
                     5    110037     138      94      12      142      88       8
                     6    110068     164     100       2      160     100       8
                     7    110075     144      90      10      138      78       2
                     8    110098     146      90      12      152      94      14
                     9    110120     178     110      18      166     106       8
                    10    110121     140     114      12      148     102       4
                    11    110126     150     110      14      140     104      10
                                            The SAS System       20:11 Tuesday, September 27, 2022  28

                        Obs    ID_NUM    BODY1    BODY2    LENGHT1    LENGTH2

                          1    110020    174.6    174.6      80.5       80.6
                          2    110031    171.2    171.3      82.4       82.4
                          3    110032    152.2    152.1      75.7       75.7
                          4    110037    178.7    178.7      82.2       82.2
                          5    110068    155.6    155.7      65.1       65.0
                          6    110075    162.5    162.5      55.6       55.7
                          7    110098    183.5    183.5      70.5       70.5
                          8    110120    177.0    176.9      64.7       64.6
                          9    110121    171.5    171.4      86.3       86.3
                         10    110126    168.6    168.6      84.6       84.5
                         11    110090    153.0    153.2      64.0       64.0
                                            The SAS System       20:11 Tuesday, September 27, 2022  29

                           Obs    ID_NUM     WG1     WG2     WST1     WST2

                             1    110121    85.9    85.9    104.0    104.0
                             2    110010    78.5    78.5     90.6     90.5
                             3    110020    81.3    81.3     94.6     94.6
                             4    110031    81.7    81.8     98.0     98.3
                             5    110032    75.0    75.0     94.4     94.3
                             6    110037    83.2    83.2     89.5     89.0
                             7    110068    64.7    64.7     88.8     88.7
                             8    110075    55.4    55.4     70.0     70.0
                             9    110090    64.1    64.0     84.5     84.4
                            10    110098    71.5    71.5     73.3     73.3
                            11    110120    65.0    65.0     77.0     77.0
                            12    110126    84.0    83.9     98.0     98.0
                                            The SAS System       20:11 Tuesday, September 27, 2022  30

   Obs        DOB ID_NUM   NAME   Sex Race MARITAL OWNHOME EDUCATION EMPLOYED MASH MASHO TAKO TAKEN

     1 03/20/1954 110010 AAAAAAAA  1    3     3       1        7         4     154   96   12   148
     2 08/01/1948 110020 BBBBBBBB  1    1     3       1        7         1     148  104   14   122
     3 12/11/1952 110031 CCCCCCCC  1    1     3       1        5         1     152  104   12     .
     4 08/01/1944 110032 DDDDDDDD  2    2     3       1        7         1     132   90    8   140
     5 09/26/1968 110037 EEEEEEEE  1    1     3       1        5         1       .    .    .   140
     6 10/09/1953 110068 FFFFFFFF  2    1     2       1        7         1     164  112   20   150
     7 08/12/1942 110075 GGGGGGGG  2    1     3       1        7         4     150   94   12   148
     8 08/07/1959 110090 HHHHHHHH  2    2     5       2        2         4     138   88    8   122
     9 02/16/1970 110098 IIIIIIII  1    1     6       2        3         1     150  120   18   150
    10 11/22/1955 110120 JJJJJJJJ  1    2     2       2        3         2     150   94    6   160
    11 07/10/1946 110121 KKKKKKKK  1    1     3       1        3         1     146  114   22   134
    12 02/23/1943 110126 LLLLLLLL  1    1     4       2        5         1     140   98   12   140

   Obs ZANOT ZANE KOLA TUNDE SOLA BOLA KUNLE TOLU BODY1 BODY2 LENGHT1 LENGTH2  WG1  WG2  WST1  WST2

     1   86   10     .    .    .     .    .    .     .     .      .       .   78.5 78.5  90.6  90.5
     2   90    2   158  104   16   150  106   10  174.6 174.6   80.5    80.6  81.3 81.3  94.6  94.6
     3    .    .   160  110   22   156  110   20  171.2 171.3   82.4    82.4  81.7 81.8  98.0  98.3
     4   92    4   132  100   10   130  102    3  152.2 152.1   75.7    75.7  75.0 75.0  94.4  94.3
     5   96   14   138   94   12   142   88    8  178.7 178.7   82.2    82.2  83.2 83.2  89.5  89.0
     6  100    6   164  100    2   160  100    8  155.6 155.7   65.1    65.0  64.7 64.7  88.8  88.7
     7   98   12   144   90   10   138   78    2  162.5 162.5   55.6    55.7  55.4 55.4  70.0  70.0
     8   86   10   162   98   16   158   94    8  153.0 153.2   64.0    64.0  64.1 64.0  84.5  84.4
     9  110   20   146   90   12   152   94   14  183.5 183.5   70.5    70.5  71.5 71.5  73.3  73.3
    10  108   18   178  110   18   166  106    8  177.0 176.9   64.7    64.6  65.0 65.0  77.0  77.0
    11   90   10   140  114   12   148  102    4  171.5 171.4   86.3    86.3  85.9 85.9 104.0 104.0
    12   94   10   150  110   14   140  104   10  168.6 168.6   84.6    84.5  84.0 83.9  98.0  98.0
                                            The SAS System       20:11 Tuesday, September 27, 2022  31

                                                     E
                                                     D  E
                                               M  O  U  M
                          I                    A  W  C  P
                          D                    R  N  A  L        M        T    Z             T
                          _       N         R  I  H  T  O   M    A    T   A    A    Z   K    U
        O       D         N       A      S  a  T  O  I  Y   A    S    A   K    N    A   O    N
        b       O         U       M      e  c  A  M  O  E   S    H    K   E    O    N   L    D
        s       B         M       E      x  e  L  E  N  D   H    O    O   N    T    E   A    E

        1  08/01/1948  110020  BBBBBBBB  1  1  3  1  7  1  148  104  14  122   90   2  158  104
        2  12/11/1952  110031  CCCCCCCC  1  1  3  1  5  1  152  104  12    .    .   .  160  110
        3  08/01/1944  110032  DDDDDDDD  2  2  3  1  7  1  132   90   8  140   92   4  132  100
        4  09/26/1968  110037  EEEEEEEE  1  1  3  1  5  1    .    .   .  140   96  14  138   94
        5  10/09/1953  110068  FFFFFFFF  2  1  2  1  7  1  164  112  20  150  100   6  164  100
        6  08/12/1942  110075  GGGGGGGG  2  1  3  1  7  4  150   94  12  148   98  12  144   90
        7  08/07/1959  110090  HHHHHHHH  2  2  5  2  2  4  138   88   8  122   86  10  162   98
        8  02/16/1970  110098  IIIIIIII  1  1  6  2  3  1  150  120  18  150  110  20  146   90
        9  11/22/1955  110120  JJJJJJJJ  1  2  2  2  3  2  150   94   6  160  108  18  178  110
       10  07/10/1946  110121  KKKKKKKK  1  1  3  1  3  1  146  114  22  134   90  10  140  114
       11  02/23/1943  110126  LLLLLLLL  1  1  4  2  5  1  140   98  12  140   94  10  150  110



                                             L     L
                                             E     E                             V  V  V  V  V
                     K         B      B      N     N                             i  i  i  i  i
            S   B    U    T    O      O      G     G                 W      W    e  e  e  e  e
        O   O   O    N    O    D      D      H     T     W     W     S      S    w  w  w  w  w
        b   L   L    L    L    Y      Y      T     H     G     G     T      T    _  _  _  _  _
        s   A   A    E    U    1      2      1     2     1     2     1      2    a  b  c  d  e

        1  16  150  106  10  174.6  174.6  80.5  80.6  81.3  81.3   94.6   94.6  1  1  1  1  1
        2  22  156  110  20  171.2  171.3  82.4  82.4  81.7  81.8   98.0   98.3  1  1  1  1  1
        3  10  130  102   3  152.2  152.1  75.7  75.7  75.0  75.0   94.4   94.3  1  1  1  1  1
        4  12  142   88   8  178.7  178.7  82.2  82.2  83.2  83.2   89.5   89.0  1  1  1  1  1
        5   2  160  100   8  155.6  155.7  65.1  65.0  64.7  64.7   88.8   88.7  1  1  1  1  1
        6  10  138   78   2  162.5  162.5  55.6  55.7  55.4  55.4   70.0   70.0  1  1  1  1  1
        7  16  158   94   8  153.0  153.2  64.0  64.0  64.1  64.0   84.5   84.4  1  1  1  1  1
        8  12  152   94  14  183.5  183.5  70.5  70.5  71.5  71.5   73.3   73.3  1  1  1  1  1
        9  18  166  106   8  177.0  176.9  64.7  64.6  65.0  65.0   77.0   77.0  1  1  1  1  1
       10  12  148  102   4  171.5  171.4  86.3  86.3  85.9  85.9  104.0  104.0  1  1  1  1  1
       11  14  140  104  10  168.6  168.6  84.6  84.5  84.0  83.9   98.0   98.0  1  1  1  1  1
                                            The SAS System       20:11 Tuesday, September 27, 2022  32

                                          The FREQ Procedure

                                                       Cumulative    Cumulative
                       Sex    Frequency     Percent     Frequency      Percent
                       ƒƒƒƒƒƒƒƒƒƒƒƒƒƒƒƒƒƒƒƒƒƒƒƒƒƒƒƒƒƒƒƒƒƒƒƒƒƒƒƒƒƒƒƒƒƒƒƒƒƒƒƒƒƒƒƒ
                         1           8       66.67             8        66.67
                         2           4       33.33            12       100.00
                                            The SAS System       20:11 Tuesday, September 27, 2022  33

                                          The FREQ Procedure

                                       Table of Sex by OWNHOME

                                 Sex       OWNHOME

                                 Frequency‚
                                 Percent  ‚
                                 Row Pct  ‚
                                 Col Pct  ‚       1‚       2‚  Total
                                 ƒƒƒƒƒƒƒƒƒˆƒƒƒƒƒƒƒƒˆƒƒƒƒƒƒƒƒˆ
                                        1 ‚      5 ‚      3 ‚      8
                                          ‚  41.67 ‚  25.00 ‚  66.67
                                          ‚  62.50 ‚  37.50 ‚
                                          ‚  62.50 ‚  75.00 ‚
                                 ƒƒƒƒƒƒƒƒƒˆƒƒƒƒƒƒƒƒˆƒƒƒƒƒƒƒƒˆ
                                        2 ‚      3 ‚      1 ‚      4
                                          ‚  25.00 ‚   8.33 ‚  33.33
                                          ‚  75.00 ‚  25.00 ‚
                                          ‚  37.50 ‚  25.00 ‚
                                 ƒƒƒƒƒƒƒƒƒˆƒƒƒƒƒƒƒƒˆƒƒƒƒƒƒƒƒˆ
                                 Total           8        4       12
                                             66.67    33.33   100.00
